RAM Allocation [bytes]
Variable                                                                          Address   Size
------------------------------------------------------------------------------------------------
str                                                                               0x0260      10
_base_y                                                                           0x026A       4

EEPROM Allocation [bytes]
Variable                                                                          Address   Size
------------------------------------------------------------------------------------------------

Register Allocation
Variable                                                                          Register  Size
------------------------------------------------------------------------------------------------
c                                                                                 R4,R5        2
_lcd_x                                                                            R7           1
_lcd_y                                                                            R6           1
_lcd_maxx                                                                         R9           1

FLASH Allocation [words]
Function                                                                          Address   Size
------------------------------------------------------------------------------------------------
transmitter                                                                       0x0006A     14
get_char                                                                          0x00078     16
display_temperature                                                               0x00088     34
main                                                                              0x000AA     57
_lcd_write_nibble_G100                                                            0x000E3     20
_lcd_write_data                                                                   0x000F7     12
lcd_gotoxy                                                                        0x00103     13
lcd_clear                                                                         0x00110     12
lcd_putchar                                                                       0x0011C     21
lcd_puts                                                                          0x00131     17
lcd_init                                                                          0x00142     46
put_buff_G101                                                                     0x00170     64
_print_G101                                                                       0x001B0    308
sprintf                                                                           0x002E4     52
strlen                                                                            0x00318     12
strlenf                                                                           0x00324     13
